// Jest Snapshot v1, https://goo.gl/fbAQLP

exports[`Pruebas en el PorductTitle debe mostrar el componente correctamente con el nombre del product 1`] = `
<div
  className="productCard undefined"
>
  <span
    className="productDescription undefined"
  >
    Coffe-Mug - Sin imagen
  </span>
</div>
`;

exports[`Pruebas en el PorductTitle debe mostrar el componente correctamente con el titulo personalizado 1`] = `
<span
  className="productDescription custom-class"
>
  Custom product
</span>
`;
